{
  "comments": [
    {
      "comment": "java.annalyns-infiltration.avoid_unnecessary_parenthesis",
      "params": {},
      "type": "informative"
    },
    {
      "comment": "java.general.feedback_request",
      "params": {},
      "type": "informative"
    }
  ]
}